{"actions":[{"iconUrl":"http://adaptivecards.io/content/cats/2.png","id":"","title":"With Icon","type":"Action.OpenUrl","url":"http://adaptivecards.io/"},{"id":"","title":"Without Icon","type":"Action.OpenUrl","url":"http://adaptivecards.io/"}],"body":[{"text":"This card has two actions, one of which has an icon. The icon is always placed to the left of title.","type":"TextBlock","wrap":true}],"type":"AdaptiveCard","version":"1.0"}