{"actions":[{"data":"null","id":"","title":"Good","type":"Action.Submit"},{"data":"null","id":"","type":"Action.Submit"},{"data":"null","id":"","type":"Action.Submit"},{"data":"null","id":"","title":" ","type":"Action.Submit"}],"body":[{"text":"Action.Title is highly recommended, but for the time being not enforced","type":"TextBlock","wrap":true}],"type":"AdaptiveCard","version":"1.0"}