{"HostConfigHash":"671e492","CardHash":"c97f5e1","Error":null}