{"HostConfigHash":"671e492","CardHash":"f7d5cd5","Error":null}