{"HostConfigHash":"f226dbd","CardHash":"93b67eb","Error":null}