{"HostConfigHash":"66020f3","CardHash":"316d3a1","Error":null}