{"HostConfigHash":"671e492","CardHash":"12028bf","Error":null}