{"actions":[],"body":[{"items":[{"text":"This is some text","type":"TextBlock"}],"selectAction":{"id":"","title":"cool link","type":"Action.OpenUrl","url":"https://www.youtube.com/watch?v=dQw4w9WgXcQ"},"type":"Container"},{"items":[{"text":"Emphasis container","type":"TextBlock"}],"selectAction":{"id":"","title":"cool link 2","type":"Action.OpenUrl","url":"https://msn.com/"},"style":"Emphasis","type":"Container"},{"items":[{"text":"Default container again, using ShowCard","type":"TextBlock","wrap":true}],"selectAction":{"card":{"actions":[{"data":"null","id":"","title":"Neat!","type":"Action.Submit"}],"body":[{"text":"What do you think?","type":"TextBlock"}],"type":"AdaptiveCard","version":"1.0"},"id":"","title":"Show card action","type":"Action.ShowCard"},"type":"Container"},{"items":[{"text":"Submit action","type":"TextBlock"}],"selectAction":{"data":"{\"info\":\"My submit action data\"}","id":"","title":"Submit action","type":"Action.Submit"},"type":"Container"}],"type":"AdaptiveCard","version":"1.0"}