{"HostConfigHash":"5cd4939","CardHash":"c6bf7cb","Error":null}