{"HostConfigHash":"671e492","CardHash":"e7fe835","Error":null}