{"HostConfigHash":"96064a9","CardHash":"98ed543","Error":null}