{"HostConfigHash":"f226dbd","CardHash":"35e089d","Error":null}