{"HostConfigHash":"f226dbd","CardHash":"de88d9e","Error":null}