{"HostConfigHash":"671e492","CardHash":"743cd57","Error":null}