{"HostConfigHash":"f226dbd","CardHash":"cb5ab69","Error":null}