{"HostConfigHash":"7a1e012","CardHash":"de88d9e","Error":null}