{"HostConfigHash":"5cd4939","CardHash":"5ba7e49","Error":null}