{"HostConfigHash":"96064a9","CardHash":"50b8392","Error":null}