{"HostConfigHash":"cd9e1e1","CardHash":"1740b17","Error":null}