{"HostConfigHash":"671e492","CardHash":"6463958","Error":null}