{"HostConfigHash":"671e492","CardHash":"3cddd0b","Error":null}