{"HostConfigHash":"671e492","CardHash":"800aab3","Error":null}