{"HostConfigHash":"f226dbd","CardHash":"1740b17","Error":null}