{"HostConfigHash":"671e492","CardHash":"36b713e","Error":null}