{"HostConfigHash":"66020f3","CardHash":"36c6f54","Error":null}