{"HostConfigHash":"7a1e012","CardHash":"6b88951","Error":null}