{"HostConfigHash":"671e492","CardHash":"7530c3a","Error":null}