{"HostConfigHash":"96064a9","CardHash":"58f01f8","Error":null}