{"HostConfigHash":"7a1e012","CardHash":"1740b17","Error":null}