{"HostConfigHash":"7a1e012","CardHash":"50b8392","Error":null}