{"HostConfigHash":"66020f3","CardHash":"5754802","Error":null}