{"HostConfigHash":"96064a9","CardHash":"0331415","Error":null}