{"HostConfigHash":"66020f3","CardHash":"5f4bbf9","Error":null}