{"HostConfigHash":"5cd4939","CardHash":"7ec316e","Error":null}