{"HostConfigHash":"7a1e012","CardHash":"93b67eb","Error":null}