{"HostConfigHash":"671e492","CardHash":"7518ad7","Error":null}