{"HostConfigHash":"66020f3","CardHash":"7518ad7","Error":null}