{"HostConfigHash":"66020f3","CardHash":"e7bd5de","Error":null}