{"HostConfigHash":"f226dbd","CardHash":"cac36ae","Error":null}