{"HostConfigHash":"671e492","CardHash":"cac36ae","Error":null}