{"HostConfigHash":"671e492","CardHash":"c6bf7cb","Error":null}