{"HostConfigHash":"cd9e1e1","CardHash":"4f00b5e","Error":null}