{"HostConfigHash":"cd9e1e1","CardHash":"de88d9e","Error":null}