{"HostConfigHash":"66020f3","CardHash":"e7fe835","Error":null}