{"HostConfigHash":"5cd4939","CardHash":"316d3a1","Error":null}