{"HostConfigHash":"66020f3","CardHash":"fb24a05","Error":null}