{"HostConfigHash":"66020f3","CardHash":"99100b6","Error":null}