{"HostConfigHash":"66020f3","CardHash":"64f891e","Error":null}