{"HostConfigHash":"66020f3","CardHash":"0655393","Error":null}