{"HostConfigHash":"f226dbd","CardHash":"0331415","Error":null}